// Jest Snapshot v1, https://goo.gl/fbAQLP

exports[`LoginButton component renders correctly 1`] = `
<View>
  <View
    style={
      {
        "alignItems": "center",
        "backgroundColor": "#3E54AC",
        "borderRadius": 15,
        "height": 250,
        "justifyContent": "center",
        "margin": 40,
        "marginTop": 100,
        "width": 300,
      }
    }
  >
    <Text>
      Enter email
    </Text>
    <View
      style={
        {
          "backgroundColor": "#fff",
          "borderRadius": 10,
          "height": 40,
          "marginTop": 20,
          "width": 200,
        }
      }
    >
      <TextInput
        onChangeText={[Function]}
        value=""
      />
    </View>
    <Text>
      Enter password
    </Text>
    <View
      style={
        {
          "backgroundColor": "#fff",
          "borderRadius": 10,
          "height": 40,
          "marginTop": 20,
          "width": 200,
        }
      }
    >
      <TextInput
        onChangeText={[Function]}
        value=""
      />
    </View>
    <Text
      onPress={[Function]}
      style={
        {
          "color": "#fff",
          "fontSize": 18,
          "fontWeight": "700",
          "marginTop": 15,
        }
      }
    >
      Login
    </Text>
  </View>
</View>
`;
